2024-01-15 10:32:01 INFO  Cache warmed for homepage
2024-01-15 10:32:02 INFO  Server started on port 8080
2024-01-15 10:32:03 INFO  Cache warmed for homepage
2024-01-15 10:32:04 INFO  Cache warmed for homepage
2024-01-15 10:32:05 DEBUG Token validation took 4 ms
2024-01-15 10:32:06 DEBUG Retry attempt for upstream request
2024-01-15 10:32:07 ERROR Payment provider timeout
2024-01-15 10:32:08 DEBUG Rate limiter counter incremented
2024-01-15 10:32:09 INFO  User session created
2024-01-15 10:32:10 ERROR Unable to refresh auth token
2024-01-15 10:32:11 ERROR Failed to connect to database
2024-01-15 10:32:12 ERROR Unhandled exception in request handler
2024-01-15 10:32:13 INFO  Connected to database cluster
2024-01-15 10:32:14 INFO  Server started on port 8080
2024-01-15 10:32:15 ERROR Unable to refresh auth token
2024-01-15 10:32:16 INFO  Health check passed
2024-01-15 10:32:17 DEBUG Parsed request payload
2024-01-15 10:32:18 INFO  Connected to database cluster
2024-01-15 10:32:19 INFO  Configuration loaded from disk
2024-01-15 10:32:20 DEBUG Parsed request payload
2024-01-15 10:32:21 INFO  Configuration loaded from disk
2024-01-15 10:32:22 ERROR Unable to refresh auth token
2024-01-15 10:32:23 WARN  Login retries approaching threshold
2024-01-15 10:32:24 WARN  High memory usage detected
2024-01-15 10:32:25 WARN  Temporary network instability detected
2024-01-15 10:32:26 INFO  Configuration loaded from disk
2024-01-15 10:32:27 DEBUG Rate limiter counter incremented
2024-01-15 10:32:28 INFO  Background sync completed
2024-01-15 10:32:29 WARN  Disk usage reached 85 percent
2024-01-15 10:32:30 INFO  Health check passed
2024-01-15 10:32:31 DEBUG Token validation took 4 ms
2024-01-15 10:32:32 INFO  Configuration loaded from disk
2024-01-15 10:32:33 DEBUG Parsed request payload
2024-01-15 10:32:34 ERROR Unhandled exception in request handler
2024-01-15 10:32:35 INFO  Connected to database cluster
2024-01-15 10:32:36 INFO  Background sync completed
2024-01-15 10:32:37 INFO  Scheduled job completed successfully
2024-01-15 10:32:38 DEBUG Loaded 32 feature flags
2024-01-15 10:32:39 INFO  Scheduled job completed successfully
2024-01-15 10:32:40 INFO  Scheduled job completed successfully
2024-01-15 10:32:41 INFO  Connected to database cluster
2024-01-15 10:32:42 INFO  Background sync completed
2024-01-15 10:32:43 INFO  User session created
2024-01-15 10:32:44 INFO  Cache warmed for homepage
2024-01-15 10:32:45 INFO  Configuration loaded from disk
2024-01-15 10:32:46 INFO  Connected to database cluster
2024-01-15 10:32:47 DEBUG Rate limiter counter incremented
2024-01-15 10:32:48 DEBUG Rate limiter counter incremented
2024-01-15 10:32:49 INFO  Connected to database cluster
2024-01-15 10:32:50 INFO  Connected to database cluster
2024-01-15 10:32:51 ERROR Unable to refresh auth token
2024-01-15 10:32:52 INFO  Connected to database cluster
2024-01-15 10:32:53 WARN  Disk usage reached 85 percent
2024-01-15 10:32:54 WARN  High memory usage detected
2024-01-15 10:32:55 DEBUG Loaded 32 feature flags
2024-01-15 10:32:56 INFO  User session created
2024-01-15 10:32:56 STRESS  User session created
2024-01-15 10:32:56 INFO  User session created
